-2.900000 -0.800000 -3.800000 -0.800000 -3.800000 -0.800000 -3.800000 -0.800000 -2.900000 -2.000000 
-2.000000 -4.000000 -2.000000 -4.000000 -2.000000 -4.000000 -2.000000 -2.000000 -2.900000 -0.800000 
-3.800000 -0.800000 -3.800000 -0.800000 -3.800000 -0.800000 -2.900000 
